2026-06-27 21:05:54.179: [INFO][Sync] Reset engine, reason: 8
2026-06-27 21:05:54.179: [INFO][Sync] Stopped: Bookmarks
2026-06-27 21:05:54.179: [INFO][Sync] Stopped: Preferences
2026-06-27 21:05:54.180: [INFO][Sync] Stopped: Passwords
2026-06-27 21:05:54.180: [INFO][Sync] Stopped: Autofill Profiles
2026-06-27 21:05:54.180: [INFO][Sync] Stopped: Autofill
2026-06-27 21:05:54.180: [INFO][Sync] Stopped: Extensions
2026-06-27 21:05:54.180: [INFO][Sync] Stopped: Sessions
2026-06-27 21:05:54.180: [INFO][Sync] Stopped: Extension settings
2026-06-27 21:05:54.180: [INFO][Sync] Stopped: History Delete Directives
2026-06-27 21:05:54.180: [INFO][Sync] Stopped: Device Info
2026-06-27 21:05:54.180: [INFO][Sync] Stopped: User Consents
2026-06-27 21:05:54.180: [INFO][Sync] Stopped: Send Tab To Self
2026-06-27 21:05:54.180: [INFO][Sync] Stopped: Web Apps
2026-06-27 21:05:54.180: [INFO][Sync] Stopped: History
2026-06-27 21:05:54.180: [INFO][Sync] Stopped: Saved Tab Group
2026-06-27 21:05:54.180: [INFO][Sync] Stopped: WebAuthn Credentials
2026-06-27 21:05:54.180: [INFO][Sync] Stopped: Edge E Drop
2026-06-27 21:05:54.180: [INFO][Sync] Stopped: Edge Hub App Usage
2026-06-27 21:05:54.180: [INFO][Sync] Stopped: Edge Journey
2026-06-27 21:05:54.180: [INFO][Sync] Stopped: Edge Wallet
2026-06-27 21:05:54.180: [INFO][Sync] Stopped: Edge Workspace
2026-06-27 21:05:54.185: [INFO][Sync] SyncState after authenticated was: NotSignedIn
2026-06-27 21:06:18.083: [INFO][Sync] Reset engine, reason: 8
2026-06-27 21:06:18.083: [INFO][Sync] Stopped: Bookmarks
2026-06-27 21:06:18.083: [INFO][Sync] Stopped: Preferences
2026-06-27 21:06:18.083: [INFO][Sync] Stopped: Passwords
2026-06-27 21:06:18.083: [INFO][Sync] Stopped: Autofill Profiles
2026-06-27 21:06:18.083: [INFO][Sync] Stopped: Autofill
2026-06-27 21:06:18.083: [INFO][Sync] Stopped: Extensions
2026-06-27 21:06:18.083: [INFO][Sync] Stopped: Sessions
2026-06-27 21:06:18.083: [INFO][Sync] Stopped: Extension settings
2026-06-27 21:06:18.083: [INFO][Sync] Stopped: History Delete Directives
2026-06-27 21:06:18.083: [INFO][Sync] Stopped: Device Info
2026-06-27 21:06:18.083: [INFO][Sync] Stopped: User Consents
2026-06-27 21:06:18.083: [INFO][Sync] Stopped: Send Tab To Self
2026-06-27 21:06:18.083: [INFO][Sync] Stopped: Web Apps
2026-06-27 21:06:18.083: [INFO][Sync] Stopped: History
2026-06-27 21:06:18.083: [INFO][Sync] Stopped: Saved Tab Group
2026-06-27 21:06:18.083: [INFO][Sync] Stopped: WebAuthn Credentials
2026-06-27 21:06:18.083: [INFO][Sync] Stopped: Edge E Drop
2026-06-27 21:06:18.083: [INFO][Sync] Stopped: Edge Hub App Usage
2026-06-27 21:06:18.083: [INFO][Sync] Stopped: Edge Journey
2026-06-27 21:06:18.083: [INFO][Sync] Stopped: Edge Wallet
2026-06-27 21:06:18.083: [INFO][Sync] Stopped: Edge Workspace
2026-06-28 01:00:50.484: [INFO][Sync] Reset engine, reason: 0
